// Jest Snapshot v1, https://goo.gl/fbAQLP

exports[`AddToCartButton component snapshots renders a valid snapshot 1`] = `
<DocumentFragment>
  <div
    class="bigButtonContainer"
  >
    <button
      class="MuiButton-root MuiButton-contained MuiButton-containedPrimary MuiButton-sizeMedium MuiButton-containedSizeMedium MuiButtonBase-root bigButton css-sghohy-MuiButtonBase-root-MuiButton-root"
      tabindex="0"
      type="button"
    >
      + add to cart
      <span
        class="MuiTouchRipple-root css-8je8zh-MuiTouchRipple-root"
      />
    </button>
  </div>
  <div
    class="Toastify"
  />
</DocumentFragment>
`;
