// Jest Snapshot v1, https://goo.gl/fbAQLP

exports[`CartHeader component snapshots renders a valid snapshot 1`] = `
<DocumentFragment>
  <div
    class="header"
  >
    <h2
      class="header"
      data-testid="title"
    >
      Cart
    </h2>
    <button
      class="MuiButton-root MuiButton-outlined MuiButton-outlinedPrimary MuiButton-sizeMedium MuiButton-outlinedSizeMedium MuiButtonBase-root emptyButton css-1rwt2y5-MuiButtonBase-root-MuiButton-root"
      tabindex="0"
      type="button"
    >
      Empty cart
      <span
        class="MuiTouchRipple-root css-8je8zh-MuiTouchRipple-root"
      />
    </button>
  </div>
  <div
    class="Toastify"
  />
</DocumentFragment>
`;
