// Jest Snapshot v1, https://goo.gl/fbAQLP

exports[`ProfileLayout component profile sidebar should be displayed if width more breakpoint 1`] = `
<DocumentFragment>
  <div
    class="wrapper"
  >
    <div
      class="breadcrumbs"
      role="presentation"
    >
      <nav
        aria-label="breadcrumb"
        class="MuiTypography-root MuiTypography-body1 MuiBreadcrumbs-root css-63vwl1-MuiTypography-root-MuiBreadcrumbs-root"
      >
        <ol
          class="MuiBreadcrumbs-ol css-4pdmu4-MuiBreadcrumbs-ol"
        >
          <li
            class="MuiBreadcrumbs-li"
          >
            <a
              class="breadcrumb"
              href="/"
            >
              Home
            </a>
          </li>
          <li
            aria-hidden="true"
            class="MuiBreadcrumbs-separator css-1wuw8dw-MuiBreadcrumbs-separator"
          >
            /
          </li>
          <li
            class="MuiBreadcrumbs-li"
          >
            <a
              class="breadcrumb"
              href="/users"
            >
              Users
            </a>
          </li>
          <li
            aria-hidden="true"
            class="MuiBreadcrumbs-separator css-1wuw8dw-MuiBreadcrumbs-separator"
          >
            /
          </li>
          <li
            class="MuiBreadcrumbs-li"
          >
            <a
              class="breadcrumb"
              href="/profile"
            >
              Profile
            </a>
          </li>
        </ol>
      </nav>
    </div>
    <div
      class="header"
    >
      <h2
        class="header"
        data-testid="title"
      />
    </div>
    <div
      class="MuiContainer-root MuiContainer-maxWidthLg container css-1oqqzyl-MuiContainer-root"
    >
      <div
        class="MuiPaper-root MuiPaper-elevation MuiPaper-rounded MuiPaper-elevation1 MuiCard-root container css-bhp9pd-MuiPaper-root-MuiCard-root"
      >
        <ul
          class="MuiList-root MuiList-padding css-h4y409-MuiList-root"
          data-testid="menuList"
          id="composition-menu"
          role="menu"
          tabindex="-1"
        >
          <li
            class="MuiMenuItem-root MuiMenuItem-gutters MuiButtonBase-root css-kk1bwy-MuiButtonBase-root-MuiMenuItem-root"
            role="menuitem"
            tabindex="0"
          >
            <a
              class="link grey"
              href="/profile"
              style="opacity: 1;"
            >
              <svg
                aria-hidden="true"
                class="MuiSvgIcon-root MuiSvgIcon-fontSizeMedium css-i4bv87-MuiSvgIcon-root"
                data-testid="HomeIcon"
                focusable="false"
                viewBox="0 0 24 24"
              >
                <path
                  d="M10 20v-6h4v6h5v-8h3L12 3 2 12h3v8z"
                />
              </svg>
              <span
                class="menuTitle"
              >
                My Profile
              </span>
            </a>
            <span
              class="MuiTouchRipple-root css-8je8zh-MuiTouchRipple-root"
            />
          </li>
          <li
            class="MuiMenuItem-root MuiMenuItem-gutters MuiButtonBase-root css-kk1bwy-MuiButtonBase-root-MuiMenuItem-root"
            role="menuitem"
            tabindex="-1"
          >
            <a
              class="link grey"
              href="/profile/wishlist"
              style="opacity: 1;"
            >
              <svg
                aria-hidden="true"
                class="MuiSvgIcon-root MuiSvgIcon-fontSizeMedium css-i4bv87-MuiSvgIcon-root"
                data-testid="FavoriteIcon"
                focusable="false"
                viewBox="0 0 24 24"
              >
                <path
                  d="m12 21.35-1.45-1.32C5.4 15.36 2 12.28 2 8.5 2 5.42 4.42 3 7.5 3c1.74 0 3.41.81 4.5 2.09C13.09 3.81 14.76 3 16.5 3 19.58 3 22 5.42 22 8.5c0 3.78-3.4 6.86-8.55 11.54L12 21.35z"
                />
              </svg>
              <span
                class="menuTitle"
              >
                My Wishlist
              </span>
            </a>
            <span
              class="MuiTouchRipple-root css-8je8zh-MuiTouchRipple-root"
            />
          </li>
          <li
            class="MuiMenuItem-root MuiMenuItem-gutters MuiButtonBase-root css-kk1bwy-MuiButtonBase-root-MuiMenuItem-root"
            role="menuitem"
            tabindex="-1"
          >
            <a
              class="link grey"
              href="/profile/orders"
              style="opacity: 1;"
            >
              <svg
                aria-hidden="true"
                class="MuiSvgIcon-root MuiSvgIcon-fontSizeMedium css-i4bv87-MuiSvgIcon-root"
                data-testid="Inventory2Icon"
                focusable="false"
                viewBox="0 0 24 24"
              >
                <path
                  d="M20 2H4c-1 0-2 .9-2 2v3.01c0 .72.43 1.34 1 1.69V20c0 1.1 1.1 2 2 2h14c.9 0 2-.9 2-2V8.7c.57-.35 1-.97 1-1.69V4c0-1.1-1-2-2-2zm-5 12H9v-2h6v2zm5-7H4V4h16v3z"
                />
              </svg>
              <span
                class="menuTitle"
              >
                My Orders
              </span>
            </a>
            <span
              class="MuiTouchRipple-root css-8je8zh-MuiTouchRipple-root"
            />
          </li>
          <li
            class="MuiMenuItem-root MuiMenuItem-gutters MuiButtonBase-root css-kk1bwy-MuiButtonBase-root-MuiMenuItem-root"
            role="menuitem"
            tabindex="-1"
          >
            <a
              class="link grey"
              href="/profile/address-book"
              style="opacity: 1;"
            >
              <svg
                aria-hidden="true"
                class="MuiSvgIcon-root MuiSvgIcon-fontSizeMedium css-i4bv87-MuiSvgIcon-root"
                data-testid="ImportContactsIcon"
                focusable="false"
                viewBox="0 0 24 24"
              >
                <path
                  d="M17.5 4.5c-1.95 0-4.05.4-5.5 1.5-1.45-1.1-3.55-1.5-5.5-1.5S2.45 4.9 1 6v14.65c0 .65.73.45.75.45C3.1 20.45 5.05 20 6.5 20c1.95 0 4.05.4 5.5 1.5 1.35-.85 3.8-1.5 5.5-1.5 1.65 0 3.35.3 4.75 1.05.41.21.75-.19.75-.45V6c-1.49-1.12-3.63-1.5-5.5-1.5zm3.5 14c-1.1-.35-2.3-.5-3.5-.5-1.7 0-4.15.65-5.5 1.5V8c1.35-.85 3.8-1.5 5.5-1.5 1.2 0 2.4.15 3.5.5v11.5z"
                />
              </svg>
              <span
                class="menuTitle"
              >
                My Address book
              </span>
            </a>
            <span
              class="MuiTouchRipple-root css-8je8zh-MuiTouchRipple-root"
            />
          </li>
        </ul>
      </div>
      <div
        class="MuiPaper-root MuiPaper-elevation MuiPaper-rounded MuiPaper-elevation1 MuiCard-root profile css-bhp9pd-MuiPaper-root-MuiCard-root"
      >
        <div>
          Children test
        </div>
      </div>
    </div>
  </div>
  <div
    class="Toastify"
  />
</DocumentFragment>
`;
