// Jest Snapshot v1, https://goo.gl/fbAQLP

exports[`NavigationItem component snapshots renders a valid snapshot 1`] = `
<DocumentFragment>
  <li
    class="item"
  >
    <a
      href="/"
    >
      Text in block test
      <div>
        Div test
      </div>
      <p>
        Paragraph test
      </p>
      <span>
        Span test
      </span>
    </a>
  </li>
</DocumentFragment>
`;
