// Jest Snapshot v1, https://goo.gl/fbAQLP

exports[`Search component snapshots renders a valid snapshot 1`] = `
<DocumentFragment>
  <form
    class="wrapper undefined MuiBox-root css-0"
  >
    <div
      class="MuiOutlinedInput-root MuiInputBase-root MuiInputBase-colorPrimary input css-ocdt0h-MuiInputBase-root-MuiOutlinedInput-root"
    >
      <input
        class="MuiOutlinedInput-input MuiInputBase-input css-1t8l2tu-MuiInputBase-input-MuiOutlinedInput-input"
        name="searchValue"
        placeholder="Search by advertisement"
        type="text"
        value=""
      />
      <fieldset
        aria-hidden="true"
        class="MuiOutlinedInput-notchedOutline css-1d3z3hw-MuiOutlinedInput-notchedOutline"
      >
        <legend
          class="css-nnbavb"
        >
          <span
            class="notranslate"
          >
            â€‹
          </span>
        </legend>
      </fieldset>
    </div>
    <button
      class="MuiButton-root MuiButton-contained MuiButton-containedPrimary MuiButton-sizeMedium MuiButton-containedSizeMedium MuiButtonBase-root  css-ik5mn7-MuiButtonBase-root-MuiButton-root"
      tabindex="0"
      type="submit"
    >
      <svg
        aria-hidden="true"
        class="MuiSvgIcon-root MuiSvgIcon-colorWhite MuiSvgIcon-fontSizeMedium css-i4bv87-MuiSvgIcon-root"
        data-testid="SearchIcon"
        focusable="false"
        viewBox="0 0 24 24"
      >
        <path
          d="M15.5 14h-.79l-.28-.27C15.41 12.59 16 11.11 16 9.5 16 5.91 13.09 3 9.5 3S3 5.91 3 9.5 5.91 16 9.5 16c1.61 0 3.09-.59 4.23-1.57l.27.28v.79l5 4.99L20.49 19l-4.99-5zm-6 0C7.01 14 5 11.99 5 9.5S7.01 5 9.5 5 14 7.01 14 9.5 11.99 14 9.5 14z"
        />
      </svg>
      <span
        class="MuiTouchRipple-root css-8je8zh-MuiTouchRipple-root"
      />
    </button>
  </form>
</DocumentFragment>
`;
