// Jest Snapshot v1, https://goo.gl/fbAQLP

exports[`Failed server: Locked login state: should display error 1`] = `
<div
  class="MuiModal-root container css-79ws1d-MuiModal-root"
  role="presentation"
>
  <div
    aria-hidden="true"
    class="MuiBackdrop-root css-i9fmh8-MuiBackdrop-root-MuiModal-backdrop"
    style="opacity: 1; webkit-transition: opacity 225ms cubic-bezier(0.4, 0, 0.2, 1) 0ms; transition: opacity 225ms cubic-bezier(0.4, 0, 0.2, 1) 0ms;"
  />
  <div
    data-test="sentinelStart"
    tabindex="0"
  />
  <div
    class="modal MuiBox-root css-0"
    tabindex="-1"
  >
    <button
      class="MuiButtonBase-root MuiIconButton-root MuiIconButton-colorPrimary MuiIconButton-sizeSmall cross css-2rshpx-MuiButtonBase-root-MuiIconButton-root"
      tabindex="0"
      type="button"
    >
      <svg
        aria-hidden="true"
        class="MuiSvgIcon-root MuiSvgIcon-fontSizeMedium css-i4bv87-MuiSvgIcon-root"
        data-testid="CloseIcon"
        focusable="false"
        viewBox="0 0 24 24"
      >
        <path
          d="M19 6.41 17.59 5 12 10.59 6.41 5 5 6.41 10.59 12 5 17.59 6.41 19 12 13.41 17.59 19 19 17.59 13.41 12z"
        />
      </svg>
      <span
        class="MuiTouchRipple-root css-8je8zh-MuiTouchRipple-root"
      />
    </button>
    <div
      class="MuiTabs-root navigation css-1ujnqem-MuiTabs-root"
    >
      <div
        class="MuiTabs-scroller MuiTabs-fixed css-jpln7h-MuiTabs-scroller"
        style="overflow: hidden; margin-bottom: 0px;"
      >
        <div
          class="MuiTabs-flexContainer MuiTabs-centered css-1wf8b0h-MuiTabs-flexContainer"
          role="tablist"
        >
          <button
            aria-selected="true"
            class="MuiButtonBase-root MuiTab-root MuiTab-textColorPrimary Mui-selected css-1pec19d-MuiButtonBase-root-MuiTab-root"
            role="tab"
            tabindex="0"
            type="button"
          >
            Sign in
            <span
              class="MuiTouchRipple-root css-8je8zh-MuiTouchRipple-root"
            />
          </button>
          <button
            aria-selected="false"
            class="MuiButtonBase-root MuiTab-root MuiTab-textColorPrimary css-1pec19d-MuiButtonBase-root-MuiTab-root"
            role="tab"
            tabindex="-1"
            type="button"
          >
            Sign up
            <span
              class="MuiTouchRipple-root css-8je8zh-MuiTouchRipple-root"
            />
          </button>
        </div>
        <span
          class="MuiTabs-indicator css-1aquho2-MuiTabs-indicator"
          style="left: 0px; width: 0px;"
        />
      </div>
    </div>
    <div
      class="content MuiBox-root css-0"
    >
      <div
        class="MuiBox-root css-0"
      >
        <div
          class="MuiFormControl-root MuiFormControl-marginNormal MuiFormControl-fullWidth MuiTextField-root css-17vbkzs-MuiFormControl-root-MuiTextField-root"
        >
          <label
            class="MuiInputLabel-root MuiInputLabel-formControl MuiInputLabel-animated MuiInputLabel-shrink MuiInputLabel-standard MuiFormLabel-root MuiFormLabel-colorPrimary Mui-disabled Mui-error MuiFormLabel-filled css-1c2i806-MuiFormLabel-root-MuiInputLabel-root"
            data-shrink="true"
            for="mui-36"
            id="mui-36-label"
          >
            Email
          </label>
          <div
            class="MuiInput-root MuiInput-underline MuiInputBase-root MuiInputBase-colorPrimary Mui-disabled Mui-error MuiInputBase-fullWidth MuiInputBase-formControl css-ghsjzk-MuiInputBase-root-MuiInput-root"
          >
            <input
              aria-describedby="mui-36-helper-text"
              aria-invalid="true"
              autocomplete="off"
              class="MuiInput-input MuiInputBase-input Mui-disabled css-1x51dt5-MuiInputBase-input-MuiInput-input"
              disabled=""
              id="mui-36"
              type="text"
              value="ivan@yandex.ru"
            />
          </div>
          <p
            class="MuiFormHelperText-root Mui-disabled Mui-error MuiFormHelperText-sizeMedium MuiFormHelperText-filled css-1d1r5q-MuiFormHelperText-root"
            id="mui-36-helper-text"
          >
            Many wrong attempts, try again later
          </p>
        </div>
        <div
          class="MuiFormControl-root MuiFormControl-marginNormal MuiFormControl-fullWidth MuiTextField-root css-17vbkzs-MuiFormControl-root-MuiTextField-root"
        >
          <label
            class="MuiInputLabel-root MuiInputLabel-formControl MuiInputLabel-animated MuiInputLabel-shrink MuiInputLabel-standard MuiFormLabel-root MuiFormLabel-colorPrimary Mui-disabled Mui-error MuiFormLabel-filled css-1c2i806-MuiFormLabel-root-MuiInputLabel-root"
            data-shrink="true"
            for="mui-37"
            id="mui-37-label"
          >
            Password
          </label>
          <div
            class="MuiInput-root MuiInput-underline MuiInputBase-root MuiInputBase-colorPrimary Mui-disabled Mui-error MuiInputBase-fullWidth MuiInputBase-formControl MuiInputBase-adornedEnd css-ghsjzk-MuiInputBase-root-MuiInput-root"
          >
            <input
              aria-describedby="mui-37-helper-text"
              aria-invalid="true"
              autocomplete="off"
              class="MuiInput-input MuiInputBase-input Mui-disabled MuiInputBase-inputAdornedEnd css-1x51dt5-MuiInputBase-input-MuiInput-input"
              disabled=""
              id="mui-37"
              type="password"
              value="password"
            />
            <div
              class="MuiInputAdornment-root MuiInputAdornment-positionEnd MuiInputAdornment-standard MuiInputAdornment-sizeMedium css-1laqsz7-MuiInputAdornment-root"
            >
              <span
                aria-disabled="true"
                class="MuiCheckbox-root MuiCheckbox-colorPrimary MuiButtonBase-root Mui-disabled MuiCheckbox-root MuiCheckbox-colorPrimary PrivateSwitchBase-root Mui-checked Mui-disabled css-12wnr2w-MuiButtonBase-root-MuiCheckbox-root"
                data-testid="visibility"
                tabindex="-1"
              >
                <input
                  checked=""
                  class="PrivateSwitchBase-input css-1m9pwf3"
                  data-indeterminate="false"
                  disabled=""
                  type="checkbox"
                />
                <svg
                  aria-hidden="true"
                  class="MuiSvgIcon-root MuiSvgIcon-fontSizeMedium css-i4bv87-MuiSvgIcon-root"
                  data-testid="VisibilityOffIcon"
                  focusable="false"
                  viewBox="0 0 24 24"
                >
                  <path
                    d="M12 7c2.76 0 5 2.24 5 5 0 .65-.13 1.26-.36 1.83l2.92 2.92c1.51-1.26 2.7-2.89 3.43-4.75-1.73-4.39-6-7.5-11-7.5-1.4 0-2.74.25-3.98.7l2.16 2.16C10.74 7.13 11.35 7 12 7zM2 4.27l2.28 2.28.46.46C3.08 8.3 1.78 10.02 1 12c1.73 4.39 6 7.5 11 7.5 1.55 0 3.03-.3 4.38-.84l.42.42L19.73 22 21 20.73 3.27 3 2 4.27zM7.53 9.8l1.55 1.55c-.05.21-.08.43-.08.65 0 1.66 1.34 3 3 3 .22 0 .44-.03.65-.08l1.55 1.55c-.67.33-1.41.53-2.2.53-2.76 0-5-2.24-5-5 0-.79.2-1.53.53-2.2zm4.31-.78 3.15 3.15.02-.16c0-1.66-1.34-3-3-3l-.17.01z"
                  />
                </svg>
              </span>
            </div>
          </div>
          <p
            class="MuiFormHelperText-root Mui-disabled Mui-error MuiFormHelperText-sizeMedium MuiFormHelperText-filled css-1d1r5q-MuiFormHelperText-root"
            id="mui-37-helper-text"
          >
            Many wrong attempts, try again later
          </p>
        </div>
        <label
          class="MuiFormControlLabel-root Mui-disabled MuiFormControlLabel-labelPlacementEnd css-1apuumd-MuiFormControlLabel-root"
        >
          <span
            aria-disabled="true"
            class="MuiCheckbox-root MuiCheckbox-colorPrimary MuiButtonBase-root Mui-disabled MuiCheckbox-root MuiCheckbox-colorPrimary PrivateSwitchBase-root Mui-checked Mui-disabled css-12wnr2w-MuiButtonBase-root-MuiCheckbox-root"
            tabindex="-1"
          >
            <input
              class="PrivateSwitchBase-input css-1m9pwf3"
              data-indeterminate="false"
              disabled=""
              type="checkbox"
            />
            <svg
              aria-hidden="true"
              class="MuiSvgIcon-root MuiSvgIcon-fontSizeMedium css-i4bv87-MuiSvgIcon-root"
              data-testid="CheckBoxIcon"
              focusable="false"
              viewBox="0 0 24 24"
            >
              <path
                d="M19 3H5c-1.11 0-2 .9-2 2v14c0 1.1.89 2 2 2h14c1.11 0 2-.9 2-2V5c0-1.1-.89-2-2-2zm-9 14l-5-5 1.41-1.41L10 14.17l7.59-7.59L19 8l-9 9z"
              />
            </svg>
          </span>
          <span
            class="MuiTypography-root MuiTypography-body1 MuiFormControlLabel-label Mui-disabled css-ahj2mt-MuiTypography-root"
          >
            Remember me
          </span>
        </label>
        <button
          class="MuiButton-root MuiButton-contained MuiButton-containedPrimary MuiButton-sizeMedium MuiButton-containedSizeMedium MuiButton-fullWidth MuiButtonBase-root Mui-disabled  css-1fu7jd5-MuiButtonBase-root-MuiButton-root"
          disabled=""
          tabindex="-1"
          type="button"
        >
          Sign in
        </button>
      </div>
    </div>
  </div>
  <div
    data-test="sentinelEnd"
    tabindex="0"
  />
</div>
`;

exports[`Failed server: Locked login state: should unlock forms after delay 1`] = `
<div
  class="MuiModal-root container css-79ws1d-MuiModal-root"
  role="presentation"
>
  <div
    aria-hidden="true"
    class="MuiBackdrop-root css-i9fmh8-MuiBackdrop-root-MuiModal-backdrop"
    style="opacity: 1; webkit-transition: opacity 225ms cubic-bezier(0.4, 0, 0.2, 1) 0ms; transition: opacity 225ms cubic-bezier(0.4, 0, 0.2, 1) 0ms;"
  />
  <div
    data-test="sentinelStart"
    tabindex="0"
  />
  <div
    class="modal MuiBox-root css-0"
    tabindex="-1"
  >
    <button
      class="MuiButtonBase-root MuiIconButton-root MuiIconButton-colorPrimary MuiIconButton-sizeSmall cross css-2rshpx-MuiButtonBase-root-MuiIconButton-root"
      tabindex="0"
      type="button"
    >
      <svg
        aria-hidden="true"
        class="MuiSvgIcon-root MuiSvgIcon-fontSizeMedium css-i4bv87-MuiSvgIcon-root"
        data-testid="CloseIcon"
        focusable="false"
        viewBox="0 0 24 24"
      >
        <path
          d="M19 6.41 17.59 5 12 10.59 6.41 5 5 6.41 10.59 12 5 17.59 6.41 19 12 13.41 17.59 19 19 17.59 13.41 12z"
        />
      </svg>
      <span
        class="MuiTouchRipple-root css-8je8zh-MuiTouchRipple-root"
      />
    </button>
    <div
      class="MuiTabs-root navigation css-1ujnqem-MuiTabs-root"
    >
      <div
        class="MuiTabs-scroller MuiTabs-fixed css-jpln7h-MuiTabs-scroller"
        style="overflow: hidden; margin-bottom: 0px;"
      >
        <div
          class="MuiTabs-flexContainer MuiTabs-centered css-1wf8b0h-MuiTabs-flexContainer"
          role="tablist"
        >
          <button
            aria-selected="true"
            class="MuiButtonBase-root MuiTab-root MuiTab-textColorPrimary Mui-selected css-1pec19d-MuiButtonBase-root-MuiTab-root"
            role="tab"
            tabindex="0"
            type="button"
          >
            Sign in
            <span
              class="MuiTouchRipple-root css-8je8zh-MuiTouchRipple-root"
            />
          </button>
          <button
            aria-selected="false"
            class="MuiButtonBase-root MuiTab-root MuiTab-textColorPrimary css-1pec19d-MuiButtonBase-root-MuiTab-root"
            role="tab"
            tabindex="-1"
            type="button"
          >
            Sign up
            <span
              class="MuiTouchRipple-root css-8je8zh-MuiTouchRipple-root"
            />
          </button>
        </div>
        <span
          class="MuiTabs-indicator css-1aquho2-MuiTabs-indicator"
          style="left: 0px; width: 0px;"
        />
      </div>
    </div>
    <div
      class="content MuiBox-root css-0"
    >
      <div
        class="MuiBox-root css-0"
      >
        <div
          class="MuiFormControl-root MuiFormControl-marginNormal MuiFormControl-fullWidth MuiTextField-root css-17vbkzs-MuiFormControl-root-MuiTextField-root"
        >
          <label
            class="MuiInputLabel-root MuiInputLabel-formControl MuiInputLabel-animated MuiInputLabel-shrink MuiInputLabel-standard MuiFormLabel-root MuiFormLabel-colorPrimary MuiFormLabel-filled css-1c2i806-MuiFormLabel-root-MuiInputLabel-root"
            data-shrink="true"
            for="mui-57"
            id="mui-57-label"
          >
            Email
          </label>
          <div
            class="MuiInput-root MuiInput-underline MuiInputBase-root MuiInputBase-colorPrimary MuiInputBase-fullWidth MuiInputBase-formControl css-ghsjzk-MuiInputBase-root-MuiInput-root"
          >
            <input
              aria-invalid="false"
              autocomplete="off"
              class="MuiInput-input MuiInputBase-input css-1x51dt5-MuiInputBase-input-MuiInput-input"
              id="mui-57"
              type="text"
              value="ivan@yandex.ru"
            />
          </div>
        </div>
        <div
          class="MuiFormControl-root MuiFormControl-marginNormal MuiFormControl-fullWidth MuiTextField-root css-17vbkzs-MuiFormControl-root-MuiTextField-root"
        >
          <label
            class="MuiInputLabel-root MuiInputLabel-formControl MuiInputLabel-animated MuiInputLabel-shrink MuiInputLabel-standard MuiFormLabel-root MuiFormLabel-colorPrimary MuiFormLabel-filled css-1c2i806-MuiFormLabel-root-MuiInputLabel-root"
            data-shrink="true"
            for="mui-58"
            id="mui-58-label"
          >
            Password
          </label>
          <div
            class="MuiInput-root MuiInput-underline MuiInputBase-root MuiInputBase-colorPrimary MuiInputBase-fullWidth MuiInputBase-formControl MuiInputBase-adornedEnd css-ghsjzk-MuiInputBase-root-MuiInput-root"
          >
            <input
              aria-invalid="false"
              autocomplete="off"
              class="MuiInput-input MuiInputBase-input MuiInputBase-inputAdornedEnd css-1x51dt5-MuiInputBase-input-MuiInput-input"
              id="mui-58"
              type="password"
              value="password"
            />
            <div
              class="MuiInputAdornment-root MuiInputAdornment-positionEnd MuiInputAdornment-standard MuiInputAdornment-sizeMedium css-1laqsz7-MuiInputAdornment-root"
            >
              <span
                class="MuiCheckbox-root MuiCheckbox-colorPrimary MuiButtonBase-root MuiCheckbox-root MuiCheckbox-colorPrimary PrivateSwitchBase-root Mui-checked css-12wnr2w-MuiButtonBase-root-MuiCheckbox-root"
                data-testid="visibility"
              >
                <input
                  checked=""
                  class="PrivateSwitchBase-input css-1m9pwf3"
                  data-indeterminate="false"
                  type="checkbox"
                />
                <svg
                  aria-hidden="true"
                  class="MuiSvgIcon-root MuiSvgIcon-fontSizeMedium css-i4bv87-MuiSvgIcon-root"
                  data-testid="VisibilityOffIcon"
                  focusable="false"
                  viewBox="0 0 24 24"
                >
                  <path
                    d="M12 7c2.76 0 5 2.24 5 5 0 .65-.13 1.26-.36 1.83l2.92 2.92c1.51-1.26 2.7-2.89 3.43-4.75-1.73-4.39-6-7.5-11-7.5-1.4 0-2.74.25-3.98.7l2.16 2.16C10.74 7.13 11.35 7 12 7zM2 4.27l2.28 2.28.46.46C3.08 8.3 1.78 10.02 1 12c1.73 4.39 6 7.5 11 7.5 1.55 0 3.03-.3 4.38-.84l.42.42L19.73 22 21 20.73 3.27 3 2 4.27zM7.53 9.8l1.55 1.55c-.05.21-.08.43-.08.65 0 1.66 1.34 3 3 3 .22 0 .44-.03.65-.08l1.55 1.55c-.67.33-1.41.53-2.2.53-2.76 0-5-2.24-5-5 0-.79.2-1.53.53-2.2zm4.31-.78 3.15 3.15.02-.16c0-1.66-1.34-3-3-3l-.17.01z"
                  />
                </svg>
                <span
                  class="MuiTouchRipple-root css-8je8zh-MuiTouchRipple-root"
                />
              </span>
            </div>
          </div>
        </div>
        <label
          class="MuiFormControlLabel-root MuiFormControlLabel-labelPlacementEnd css-1apuumd-MuiFormControlLabel-root"
        >
          <span
            class="MuiCheckbox-root MuiCheckbox-colorPrimary MuiButtonBase-root MuiCheckbox-root MuiCheckbox-colorPrimary PrivateSwitchBase-root Mui-checked css-12wnr2w-MuiButtonBase-root-MuiCheckbox-root"
          >
            <input
              class="PrivateSwitchBase-input css-1m9pwf3"
              data-indeterminate="false"
              type="checkbox"
            />
            <svg
              aria-hidden="true"
              class="MuiSvgIcon-root MuiSvgIcon-fontSizeMedium css-i4bv87-MuiSvgIcon-root"
              data-testid="CheckBoxIcon"
              focusable="false"
              viewBox="0 0 24 24"
            >
              <path
                d="M19 3H5c-1.11 0-2 .9-2 2v14c0 1.1.89 2 2 2h14c1.11 0 2-.9 2-2V5c0-1.1-.89-2-2-2zm-9 14l-5-5 1.41-1.41L10 14.17l7.59-7.59L19 8l-9 9z"
              />
            </svg>
            <span
              class="MuiTouchRipple-root css-8je8zh-MuiTouchRipple-root"
            />
          </span>
          <span
            class="MuiTypography-root MuiTypography-body1 MuiFormControlLabel-label css-ahj2mt-MuiTypography-root"
          >
            Remember me
          </span>
        </label>
        <button
          class="MuiButton-root MuiButton-contained MuiButton-containedPrimary MuiButton-sizeMedium MuiButton-containedSizeMedium MuiButton-fullWidth MuiButtonBase-root  css-1fu7jd5-MuiButtonBase-root-MuiButton-root"
          tabindex="0"
          type="button"
        >
          Sign in
          <span
            class="MuiTouchRipple-root css-8je8zh-MuiTouchRipple-root"
          />
        </button>
      </div>
    </div>
  </div>
  <div
    data-test="sentinelEnd"
    tabindex="0"
  />
</div>
`;
