// Jest Snapshot v1, https://goo.gl/fbAQLP

exports[`AuthModal snapshot should render a valid snapshot 1`] = `
<DocumentFragment>
  <button
    class="MuiButton-root MuiButton-outlined MuiButton-outlinedSecondary MuiButton-sizeMedium MuiButton-outlinedSizeMedium MuiButtonBase-root  css-wnpvqa-MuiButtonBase-root-MuiButton-root"
    data-testid="btn-login"
    tabindex="0"
    type="button"
  >
    Sign in
    <span
      class="MuiTouchRipple-root css-8je8zh-MuiTouchRipple-root"
    />
  </button>
</DocumentFragment>
`;
