// Jest Snapshot v1, https://goo.gl/fbAQLP

exports[`ProductCard component snapshots renders a valid snapshot 1`] = `
<DocumentFragment>
  <div
    class="MuiPaper-root MuiPaper-elevation MuiPaper-rounded MuiPaper-elevation1 MuiCard-root card css-bhp9pd-MuiPaper-root-MuiCard-root"
  >
    <img
      alt="name11"
      class="MuiCardMedia-root MuiCardMedia-media MuiCardMedia-img cardImage css-o69gx8-MuiCardMedia-root"
      src="url"
    />
    <div
      class="MuiCardContent-root css-46bh2p-MuiCardContent-root"
    >
      <h5
        class="MuiTypography-root MuiTypography-h5 MuiTypography-gutterBottom css-15k7a75-MuiTypography-root"
      >
        name11
      </h5>
      <span
        class="MuiTypography-root MuiTypography-overline css-b3fch5-MuiTypography-root"
      >
        First category
      </span>
      <p
        class="MuiTypography-root MuiTypography-body2 css-r40f8v-MuiTypography-root"
      >
        Created:000
      </p>
      <p
        class="MuiTypography-root MuiTypography-body2 css-r40f8v-MuiTypography-root"
      >
        Updated: 111
      </p>
    </div>
    <div
      class="MuiCardActions-root MuiCardActions-spacing cardActions css-1t6e9jv-MuiCardActions-root"
    >
      <p
        class="MuiTypography-root MuiTypography-h5 css-ag7rrr-MuiTypography-root"
      >
        300$
      </p>
      <button
        class="MuiButton-root MuiButton-contained MuiButton-containedPrimary MuiButton-sizeMedium MuiButton-containedSizeMedium MuiButtonBase-root button css-sghohy-MuiButtonBase-root-MuiButton-root"
        tabindex="0"
        type="button"
      >
        + add to cart
        <span
          class="MuiTouchRipple-root css-8je8zh-MuiTouchRipple-root"
        />
      </button>
    </div>
  </div>
</DocumentFragment>
`;
